2026-10-02 21:19:08,295 [INFO] 日志已手动清空
2026-10-02 21:21:06,483 [INFO] 后台检查开始｜时段=非交易时段｜下次间隔=120s
2026-10-02 21:21:06,788 [INFO] ─── 检查组合 ZH3605259 ───
2026-10-02 21:21:06,948 [CRITICAL] 雪球 Cookie 已失效，请更新 XUEQIU_COOKIE！
2026-10-02 21:21:06,949 [ERROR] HTTP 400 error_code=400016: https://xueqiu.com/cubes/rebalancing/current.json
2026-10-02 21:21:07,070 [ERROR] HTTP 403: https://stock.xueqiu.com/v5/cube/rebalancing/current.json
2026-10-02 21:21:07,071 [CRITICAL] 雪球 Cookie 已失效，请更新 XUEQIU_COOKIE！
2026-10-02 21:21:07,185 [CRITICAL] 雪球 Cookie 已失效，请更新 XUEQIU_COOKIE！
2026-10-02 21:21:07,186 [ERROR] HTTP 400 error_code=400016: https://xueqiu.com/cubes/rebalancing/history.json
2026-10-02 21:21:07,186 [WARNING] [ZH3605259] 持仓接口全部失败，返回空列表
2026-10-02 21:21:07,186 [INFO] 持仓数量: 0 只
2026-10-02 21:21:07,186 [WARNING] [ZH3605259] 持仓列表为空，可能 Cookie 失效或组合不存在
2026-10-02 21:21:07,415 [CRITICAL] 雪球 Cookie 已失效，请更新 XUEQIU_COOKIE！
2026-10-02 21:21:07,415 [ERROR] HTTP 400 error_code=400016: https://xueqiu.com/cubes/rebalancing/history.json
2026-10-02 21:21:07,415 [INFO] 组合名称: ZH3605259
2026-10-02 21:21:07,415 [INFO] [ZH3605259] 无持仓变动（阈值 1.0%）
2026-10-02 21:21:15,543 [INFO] ─── 检查组合 ZH3605259 ───
2026-10-02 21:21:15,679 [CRITICAL] 雪球 Cookie 已失效，请更新 XUEQIU_COOKIE！
2026-10-02 21:21:15,679 [ERROR] HTTP 400 error_code=400016: https://xueqiu.com/cubes/rebalancing/current.json
2026-10-02 21:21:15,792 [ERROR] HTTP 403: https://stock.xueqiu.com/v5/cube/rebalancing/current.json
2026-10-02 21:21:15,792 [CRITICAL] 雪球 Cookie 已失效，请更新 XUEQIU_COOKIE！
2026-10-02 21:21:15,885 [CRITICAL] 雪球 Cookie 已失效，请更新 XUEQIU_COOKIE！
2026-10-02 21:21:15,885 [ERROR] HTTP 400 error_code=400016: https://xueqiu.com/cubes/rebalancing/history.json
2026-10-02 21:21:15,885 [WARNING] [ZH3605259] 持仓接口全部失败，返回空列表
2026-10-02 21:21:15,885 [INFO] 持仓数量: 0 只
2026-10-02 21:21:15,885 [WARNING] [ZH3605259] 持仓列表为空，可能 Cookie 失效或组合不存在
2026-10-02 21:21:15,986 [CRITICAL] 雪球 Cookie 已失效，请更新 XUEQIU_COOKIE！
2026-10-02 21:21:15,987 [ERROR] HTTP 400 error_code=400016: https://xueqiu.com/cubes/rebalancing/history.json
2026-10-02 21:21:15,987 [INFO] 组合名称: ZH3605259
2026-10-02 21:21:15,987 [INFO] [ZH3605259] 无持仓变动（阈值 1.0%）
2026-10-02 21:21:49,562 [INFO] ─── 检查组合 ZH3605259 ───
2026-10-02 21:21:49,709 [CRITICAL] 雪球 Cookie 已失效，请更新 XUEQIU_COOKIE！
2026-10-02 21:21:49,709 [ERROR] HTTP 400 error_code=400016: https://xueqiu.com/cubes/rebalancing/current.json
2026-10-02 21:21:49,827 [ERROR] HTTP 403: https://stock.xueqiu.com/v5/cube/rebalancing/current.json
2026-10-02 21:21:49,827 [CRITICAL] 雪球 Cookie 已失效，请更新 XUEQIU_COOKIE！
2026-10-02 21:21:49,921 [CRITICAL] 雪球 Cookie 已失效，请更新 XUEQIU_COOKIE！
2026-10-02 21:21:49,921 [ERROR] HTTP 400 error_code=400016: https://xueqiu.com/cubes/rebalancing/history.json
2026-10-02 21:21:49,921 [WARNING] [ZH3605259] 持仓接口全部失败，返回空列表
2026-10-02 21:21:49,921 [INFO] 持仓数量: 0 只
2026-10-02 21:21:49,921 [WARNING] [ZH3605259] 持仓列表为空，可能 Cookie 失效或组合不存在
2026-10-02 21:21:50,022 [CRITICAL] 雪球 Cookie 已失效，请更新 XUEQIU_COOKIE！
2026-10-02 21:21:50,022 [ERROR] HTTP 400 error_code=400016: https://xueqiu.com/cubes/rebalancing/history.json
2026-10-02 21:21:50,022 [INFO] 组合名称: ZH3605259
2026-10-02 21:21:50,022 [INFO] [ZH3605259] 无持仓变动（阈值 1.0%）
2026-10-02 21:23:03,129 [INFO] ─── 检查组合 ZH3605259 ───
2026-10-02 21:23:03,263 [CRITICAL] 雪球 Cookie 已失效，请更新 XUEQIU_COOKIE！
2026-10-02 21:23:03,263 [ERROR] HTTP 400 error_code=400016: https://xueqiu.com/cubes/rebalancing/current.json
2026-10-02 21:23:03,378 [ERROR] HTTP 403: https://stock.xueqiu.com/v5/cube/rebalancing/current.json
2026-10-02 21:23:03,378 [CRITICAL] 雪球 Cookie 已失效，请更新 XUEQIU_COOKIE！
2026-10-02 21:23:03,471 [CRITICAL] 雪球 Cookie 已失效，请更新 XUEQIU_COOKIE！
2026-10-02 21:23:03,471 [ERROR] HTTP 400 error_code=400016: https://xueqiu.com/cubes/rebalancing/history.json
2026-10-02 21:23:03,471 [WARNING] [ZH3605259] 持仓接口全部失败，返回空列表
2026-10-02 21:23:03,471 [INFO] 持仓数量: 0 只
2026-10-02 21:23:03,471 [WARNING] [ZH3605259] 持仓列表为空，可能 Cookie 失效或组合不存在
2026-10-02 21:23:03,629 [CRITICAL] 雪球 Cookie 已失效，请更新 XUEQIU_COOKIE！
2026-10-02 21:23:03,629 [ERROR] HTTP 400 error_code=400016: https://xueqiu.com/cubes/rebalancing/history.json
2026-10-02 21:23:03,629 [INFO] 组合名称: ZH3605259
2026-10-02 21:23:03,629 [INFO] [ZH3605259] 无持仓变动（阈值 1.0%）
2026-10-02 21:23:09,418 [INFO] 后台检查开始｜时段=非交易时段｜下次间隔=120s
2026-10-02 21:23:09,767 [INFO] ─── 检查组合 ZH3605259 ───
2026-10-02 21:23:09,914 [CRITICAL] 雪球 Cookie 已失效，请更新 XUEQIU_COOKIE！
2026-10-02 21:23:09,915 [ERROR] HTTP 400 error_code=400016: https://xueqiu.com/cubes/rebalancing/current.json
2026-10-02 21:23:10,013 [ERROR] HTTP 403: https://stock.xueqiu.com/v5/cube/rebalancing/current.json
2026-10-02 21:23:10,013 [CRITICAL] 雪球 Cookie 已失效，请更新 XUEQIU_COOKIE！
2026-10-02 21:23:10,212 [CRITICAL] 雪球 Cookie 已失效，请更新 XUEQIU_COOKIE！
2026-10-02 21:23:10,212 [ERROR] HTTP 400 error_code=400016: https://xueqiu.com/cubes/rebalancing/history.json
2026-10-02 21:23:10,212 [WARNING] [ZH3605259] 持仓接口全部失败，返回空列表
2026-10-02 21:23:10,212 [INFO] 持仓数量: 0 只
2026-10-02 21:23:10,212 [WARNING] [ZH3605259] 持仓列表为空，可能 Cookie 失效或组合不存在
2026-10-02 21:23:10,312 [CRITICAL] 雪球 Cookie 已失效，请更新 XUEQIU_COOKIE！
2026-10-02 21:23:10,312 [ERROR] HTTP 400 error_code=400016: https://xueqiu.com/cubes/rebalancing/history.json
2026-10-02 21:23:10,312 [INFO] 组合名称: ZH3605259
2026-10-02 21:23:10,312 [INFO] [ZH3605259] 无持仓变动（阈值 1.0%）
2026-10-02 21:23:18,418 [CRITICAL] 雪球 Cookie 已失效，请更新 XUEQIU_COOKIE！
2026-10-02 21:23:18,419 [ERROR] HTTP 400 error_code=400016: https://xueqiu.com/cubes/quote.json
2026-10-02 21:23:18,516 [CRITICAL] 雪球 Cookie 已失效，请更新 XUEQIU_COOKIE！
2026-10-02 21:23:18,517 [ERROR] HTTP 400 error_code=400016: https://xueqiu.com/cubes/quote.json
2026-10-02 21:23:18,609 [CRITICAL] 雪球 Cookie 已失效，请更新 XUEQIU_COOKIE！
2026-10-02 21:23:18,609 [ERROR] HTTP 400 error_code=400016: https://xueqiu.com/cubes/show.json
2026-10-02 21:23:18,726 [ERROR] HTTP 403: https://stock.xueqiu.com/v5/cube/quote.json
2026-10-02 21:23:18,726 [CRITICAL] 雪球 Cookie 已失效，请更新 XUEQIU_COOKIE！
2026-10-02 21:23:18,826 [CRITICAL] 雪球 Cookie 已失效，请更新 XUEQIU_COOKIE！
2026-10-02 21:23:18,827 [ERROR] HTTP 400 error_code=400016: https://xueqiu.com/cubes/rebalancing/current.json
2026-10-02 21:23:18,862 [ERROR] HTTP 403: https://stock.xueqiu.com/v5/cube/rebalancing/current.json
2026-10-02 21:23:18,862 [CRITICAL] 雪球 Cookie 已失效，请更新 XUEQIU_COOKIE！
2026-10-02 21:23:18,955 [CRITICAL] 雪球 Cookie 已失效，请更新 XUEQIU_COOKIE！
2026-10-02 21:23:18,955 [ERROR] HTTP 400 error_code=400016: https://xueqiu.com/cubes/rebalancing/history.json
2026-10-02 21:23:18,955 [WARNING] [ZH3605259] 持仓接口全部失败，返回空列表
2026-10-02 21:25:12,315 [INFO] 后台检查开始｜时段=非交易时段｜下次间隔=120s
2026-10-02 21:25:12,647 [INFO] ─── 检查组合 ZH3605259 ───
2026-10-02 21:25:12,859 [CRITICAL] 雪球 Cookie 已失效，请更新 XUEQIU_COOKIE！
2026-10-02 21:25:12,859 [ERROR] HTTP 400 error_code=400016: https://xueqiu.com/cubes/rebalancing/current.json
2026-10-02 21:25:12,957 [ERROR] HTTP 403: https://stock.xueqiu.com/v5/cube/rebalancing/current.json
2026-10-02 21:25:12,957 [CRITICAL] 雪球 Cookie 已失效，请更新 XUEQIU_COOKIE！
2026-10-02 21:25:13,121 [CRITICAL] 雪球 Cookie 已失效，请更新 XUEQIU_COOKIE！
2026-10-02 21:25:13,121 [ERROR] HTTP 400 error_code=400016: https://xueqiu.com/cubes/rebalancing/history.json
2026-10-02 21:25:13,121 [WARNING] [ZH3605259] 持仓接口全部失败，返回空列表
2026-10-02 21:25:13,121 [INFO] 持仓数量: 0 只
2026-10-02 21:25:13,122 [WARNING] [ZH3605259] 持仓列表为空，可能 Cookie 失效或组合不存在
2026-10-02 21:25:13,215 [CRITICAL] 雪球 Cookie 已失效，请更新 XUEQIU_COOKIE！
2026-10-02 21:25:13,215 [ERROR] HTTP 400 error_code=400016: https://xueqiu.com/cubes/rebalancing/history.json
2026-10-02 21:25:13,215 [INFO] 组合名称: ZH3605259
2026-10-02 21:25:13,215 [INFO] [ZH3605259] 无持仓变动（阈值 1.0%）
2026-10-02 21:25:22,666 [INFO] 后台监控线程已启动
2026-10-02 21:25:24,666 [INFO] 后台检查开始｜时段=非交易时段｜下次间隔=120s
2026-10-02 21:25:24,991 [INFO] ─── 检查组合 ZH3605259 ───
2026-10-02 21:25:25,208 [CRITICAL] 雪球 Cookie 已失效，请更新 XUEQIU_COOKIE！
2026-10-02 21:25:25,208 [ERROR] HTTP 400 error_code=400016: https://xueqiu.com/cubes/rebalancing/current.json
2026-10-02 21:25:25,329 [ERROR] HTTP 403: https://stock.xueqiu.com/v5/cube/rebalancing/current.json
2026-10-02 21:25:25,329 [CRITICAL] 雪球 Cookie 已失效，请更新 XUEQIU_COOKIE！
2026-10-02 21:25:25,449 [CRITICAL] 雪球 Cookie 已失效，请更新 XUEQIU_COOKIE！
2026-10-02 21:25:25,449 [ERROR] HTTP 400 error_code=400016: https://xueqiu.com/cubes/rebalancing/history.json
2026-10-02 21:25:25,449 [WARNING] [ZH3605259] 持仓接口全部失败，返回空列表
2026-10-02 21:25:25,449 [INFO] 持仓数量: 0 只
2026-10-02 21:25:25,449 [WARNING] [ZH3605259] 持仓列表为空，可能 Cookie 失效或组合不存在
2026-10-02 21:25:25,559 [CRITICAL] 雪球 Cookie 已失效，请更新 XUEQIU_COOKIE！
2026-10-02 21:25:25,560 [ERROR] HTTP 400 error_code=400016: https://xueqiu.com/cubes/rebalancing/history.json
2026-10-02 21:25:25,560 [INFO] 组合名称: ZH3605259
2026-10-02 21:25:25,560 [INFO] [ZH3605259] 无持仓变动（阈值 1.0%）
2026-10-02 21:25:52,014 [CRITICAL] 雪球 Cookie 已失效，请更新 XUEQIU_COOKIE！
2026-10-02 21:25:52,014 [ERROR] HTTP 400 error_code=400016: https://xueqiu.com/cubes/quote.json
2026-10-02 21:25:52,116 [CRITICAL] 雪球 Cookie 已失效，请更新 XUEQIU_COOKIE！
2026-10-02 21:25:52,116 [ERROR] HTTP 400 error_code=400016: https://xueqiu.com/cubes/rebalancing/current.json
2026-10-02 21:25:52,224 [ERROR] HTTP 403: https://stock.xueqiu.com/v5/cube/rebalancing/current.json
2026-10-02 21:25:52,224 [CRITICAL] 雪球 Cookie 已失效，请更新 XUEQIU_COOKIE！
2026-10-02 21:25:52,417 [CRITICAL] 雪球 Cookie 已失效，请更新 XUEQIU_COOKIE！
2026-10-02 21:25:52,417 [ERROR] HTTP 400 error_code=400016: https://xueqiu.com/cubes/rebalancing/history.json
2026-10-02 21:25:52,417 [WARNING] [ZH3605259] 持仓接口全部失败，返回空列表
2026-10-02 21:25:52,520 [CRITICAL] 雪球 Cookie 已失效，请更新 XUEQIU_COOKIE！
2026-10-02 21:25:52,520 [ERROR] HTTP 400 error_code=400016: https://xueqiu.com/cubes/rebalancing/history.json
2026-10-02 21:26:02,634 [CRITICAL] 雪球 Cookie 已失效，请更新 XUEQIU_COOKIE！
2026-10-02 21:26:02,634 [ERROR] HTTP 400 error_code=400016: https://xueqiu.com/cubes/quote.json
2026-10-02 21:26:02,733 [CRITICAL] 雪球 Cookie 已失效，请更新 XUEQIU_COOKIE！
2026-10-02 21:26:02,733 [ERROR] HTTP 400 error_code=400016: https://xueqiu.com/cubes/rebalancing/current.json
2026-10-02 21:26:02,854 [ERROR] HTTP 403: https://stock.xueqiu.com/v5/cube/rebalancing/current.json
2026-10-02 21:26:02,854 [CRITICAL] 雪球 Cookie 已失效，请更新 XUEQIU_COOKIE！
2026-10-02 21:26:02,955 [CRITICAL] 雪球 Cookie 已失效，请更新 XUEQIU_COOKIE！
2026-10-02 21:26:02,955 [ERROR] HTTP 400 error_code=400016: https://xueqiu.com/cubes/rebalancing/history.json
2026-10-02 21:26:02,955 [WARNING] [ZH3605259] 持仓接口全部失败，返回空列表
2026-10-02 21:26:03,051 [CRITICAL] 雪球 Cookie 已失效，请更新 XUEQIU_COOKIE！
2026-10-02 21:26:03,051 [ERROR] HTTP 400 error_code=400016: https://xueqiu.com/cubes/rebalancing/history.json
2026-10-02 21:26:17,356 [CRITICAL] 雪球 Cookie 已失效，请更新 XUEQIU_COOKIE！
2026-10-02 21:26:17,357 [ERROR] HTTP 400 error_code=400016: https://xueqiu.com/cubes/quote.json
2026-10-02 21:26:17,542 [CRITICAL] 雪球 Cookie 已失效，请更新 XUEQIU_COOKIE！
2026-10-02 21:26:17,542 [ERROR] HTTP 400 error_code=400016: https://xueqiu.com/cubes/rebalancing/current.json
2026-10-02 21:26:17,654 [ERROR] HTTP 403: https://stock.xueqiu.com/v5/cube/rebalancing/current.json
2026-10-02 21:26:17,654 [CRITICAL] 雪球 Cookie 已失效，请更新 XUEQIU_COOKIE！
2026-10-02 21:26:17,817 [CRITICAL] 雪球 Cookie 已失效，请更新 XUEQIU_COOKIE！
2026-10-02 21:26:17,817 [ERROR] HTTP 400 error_code=400016: https://xueqiu.com/cubes/rebalancing/history.json
2026-10-02 21:26:17,817 [WARNING] [ZH3605259] 持仓接口全部失败，返回空列表
2026-10-02 21:26:17,918 [CRITICAL] 雪球 Cookie 已失效，请更新 XUEQIU_COOKIE！
2026-10-02 21:26:17,919 [ERROR] HTTP 400 error_code=400016: https://xueqiu.com/cubes/rebalancing/history.json
2026-10-02 21:27:24,306 [INFO] [ZH3605259] 当前持仓 4 只 (current)
2026-10-02 21:27:27,562 [INFO] 后台检查开始｜时段=非交易时段｜下次间隔=120s
2026-10-02 21:27:27,895 [INFO] ─── 检查组合 ZH3605259 ───
2026-10-02 21:27:28,045 [CRITICAL] 雪球 Cookie 已失效，请更新 XUEQIU_COOKIE！
2026-10-02 21:27:28,045 [ERROR] HTTP 400 error_code=400016: https://xueqiu.com/cubes/rebalancing/current.json
2026-10-02 21:27:28,141 [ERROR] HTTP 403: https://stock.xueqiu.com/v5/cube/rebalancing/current.json
2026-10-02 21:27:28,141 [CRITICAL] 雪球 Cookie 已失效，请更新 XUEQIU_COOKIE！
2026-10-02 21:27:28,254 [CRITICAL] 雪球 Cookie 已失效，请更新 XUEQIU_COOKIE！
2026-10-02 21:27:28,255 [ERROR] HTTP 400 error_code=400016: https://xueqiu.com/cubes/rebalancing/history.json
2026-10-02 21:27:28,255 [WARNING] [ZH3605259] 持仓接口全部失败，返回空列表
2026-10-02 21:27:28,255 [INFO] 持仓数量: 0 只
2026-10-02 21:27:28,255 [WARNING] [ZH3605259] 持仓列表为空，可能 Cookie 失效或组合不存在
2026-10-02 21:27:28,369 [CRITICAL] 雪球 Cookie 已失效，请更新 XUEQIU_COOKIE！
2026-10-02 21:27:28,369 [ERROR] HTTP 400 error_code=400016: https://xueqiu.com/cubes/rebalancing/history.json
2026-10-02 21:27:28,369 [INFO] 组合名称: ZH3605259
2026-10-02 21:27:28,369 [INFO] [ZH3605259] 无持仓变动（阈值 1.0%）
2026-10-02 21:27:32,727 [CRITICAL] 雪球 Cookie 已失效，请更新 XUEQIU_COOKIE！
2026-10-02 21:27:32,727 [ERROR] HTTP 400 error_code=400016: https://xueqiu.com/cubes/quote.json
2026-10-02 21:27:32,826 [CRITICAL] 雪球 Cookie 已失效，请更新 XUEQIU_COOKIE！
2026-10-02 21:27:32,826 [ERROR] HTTP 400 error_code=400016: https://xueqiu.com/cubes/rebalancing/current.json
2026-10-02 21:27:32,926 [ERROR] HTTP 403: https://stock.xueqiu.com/v5/cube/rebalancing/current.json
2026-10-02 21:27:32,927 [CRITICAL] 雪球 Cookie 已失效，请更新 XUEQIU_COOKIE！
2026-10-02 21:27:33,023 [CRITICAL] 雪球 Cookie 已失效，请更新 XUEQIU_COOKIE！
2026-10-02 21:27:33,023 [ERROR] HTTP 400 error_code=400016: https://xueqiu.com/cubes/rebalancing/history.json
2026-10-02 21:27:33,023 [WARNING] [ZH3605259] 持仓接口全部失败，返回空列表
2026-10-02 21:27:33,119 [CRITICAL] 雪球 Cookie 已失效，请更新 XUEQIU_COOKIE！
2026-10-02 21:27:33,119 [ERROR] HTTP 400 error_code=400016: https://xueqiu.com/cubes/rebalancing/history.json
2026-10-02 21:27:42,229 [INFO] 后台监控线程已启动
2026-10-02 21:27:44,230 [INFO] 后台检查开始｜时段=非交易时段｜下次间隔=120s
2026-10-02 21:27:44,553 [INFO] ─── 检查组合 ZH3605259 ───
2026-10-02 21:27:44,748 [INFO] [ZH3605259] 当前持仓 4 只 (current)
2026-10-02 21:27:44,748 [INFO] 持仓数量: 4 只
2026-10-02 21:27:44,851 [INFO] 组合名称: ZH3605259
2026-10-02 21:27:44,851 [INFO] [ZH3605259] 发现新调仓记录（ID=240905767，上次=None）
2026-10-02 21:27:44,851 [INFO] [ZH3605259] 检测到 4 项变动，准备发送通知
2026-10-02 21:27:45,008 [INFO] [ZH3605259] 通知发送成功
2026-10-02 21:28:11,088 [INFO] 后台监控线程已启动
2026-10-02 21:28:13,091 [INFO] 后台检查开始｜时段=非交易时段｜下次间隔=120s
2026-10-02 21:28:13,426 [INFO] ─── 检查组合 ZH3605259 ───
2026-10-02 21:28:13,600 [INFO] [ZH3605259] 当前持仓 4 只 (current)
2026-10-02 21:28:13,600 [INFO] 持仓数量: 4 只
2026-10-02 21:28:13,719 [INFO] 组合名称: ZH3605259
2026-10-02 21:28:13,720 [INFO] [ZH3605259] 调仓记录未变化（ID=240905767），跳过通知
2026-10-02 21:28:18,634 [INFO] [ZH3605259] 当前持仓 4 只 (current)
2026-10-02 21:28:26,124 [INFO] [ZH3605259] 当前持仓 4 只 (current)
2026-10-02 21:28:28,520 [INFO] [ZH3605259] 当前持仓 4 只 (current)
2026-10-02 21:29:05,219 [INFO] ─── 检查组合 ZH3605259 ───
2026-10-02 21:29:05,375 [INFO] [ZH3605259] 当前持仓 1 只 (current)
2026-10-02 21:29:05,375 [INFO] 持仓数量: 1 只
2026-10-02 21:29:05,548 [INFO] 组合名称: ZH3605259
2026-10-02 21:29:05,548 [INFO] [ZH3605259] 发现新调仓记录（ID=240906191，上次=240905767）
2026-10-02 21:29:05,548 [INFO] [ZH3605259] 检测到 3 项变动，准备发送通知
2026-10-02 21:29:05,702 [INFO] [ZH3605259] 通知发送成功
2026-10-02 21:30:02,778 [INFO] [ZH3605259] 当前持仓 1 只 (current)
2026-10-02 21:30:13,721 [INFO] 后台检查开始｜时段=非交易时段｜下次间隔=600s
2026-10-02 21:30:14,032 [INFO] ─── 检查组合 ZH3605259 ───
2026-10-02 21:30:14,191 [INFO] [ZH3605259] 当前持仓 1 只 (current)
2026-10-02 21:30:14,191 [INFO] 持仓数量: 1 只
2026-10-02 21:30:14,361 [INFO] 组合名称: ZH3605259
2026-10-02 21:30:14,361 [INFO] [ZH3605259] 调仓记录未变化（ID=240906191），跳过通知
